// Jest Snapshot v1, https://goo.gl/fbAQLP

exports[`AddItem renders correctly 1`] = `
<form
  onSubmit={[Function]}
>
  <div
    className="form-group"
  >
    <input
      className="form-control"
      placeholder="please enter your title"
      type="text"
    />
  </div>
  <button
    className="btn btn-primary"
  >
    Add new To-do
  </button>
</form>
`;
